29 00 60 00 00 0e 00 34 40 00 00 00 10 00 00 00
29 00 80 00 00 0e 00 34 40 00 00 00 10 00 00 00
