24 00 60 00 20 0e 00 20 20 01 00 00 20 01 00 00
24 00 80 00 20 0e 00 20 f0 00 00 00 f0 00 00 00
24 00 a0 00 20 0e 00 20 10 01 00 00 10 01 00 00
