2a 00 76 00 21 0e 00 20 c0 00 00 00 b0 00 00 00
2a 00 60 00 20 0e 00 20 10 00 00 00 10 00 00 00
2a 00 96 00 21 0e 00 20 c0 00 00 00 b0 00 00 00
2a 00 80 00 20 0e 00 20 10 00 00 00 10 00 00 00
