29 00 60 00 00 1c 00 34 00 14 60 00 02 00 08 00
29 00 80 00 00 1c 00 34 00 14 60 00 02 00 08 00
29 01 60 00 00 1c 0f 34 04 14 6e 00 02 00 08 00
