27 00 60 00 84 3c 00 20 00 00 8d 00 ec ff 00 00
27 00 80 00 84 3c 00 20 00 00 8d 00 ec ff 00 00
27 01 60 00 84 3c 0f 20 04 00 6e 00 e2 ff 00 00
27 00 71 00 84 3c 00 20 00 00 8d 00 d0 ff 00 00
27 00 91 00 84 3c 00 20 00 00 8d 00 d0 ff 00 00
27 01 72 00 84 3c 0f 20 04 00 6e 00 d0 ff 00 00
