27 00 60 00 20 0e 00 20 00 00 00 08 60 ff ff ff
27 00 80 00 20 0e 00 20 00 00 00 08 60 ff ff ff
27 00 71 00 20 0e 00 20 00 00 00 08 80 fe ff ff
27 00 91 00 20 0e 00 20 00 00 00 08 80 fe ff ff
