24 00 60 00 8f 10 0c 00 00 00 8d 00 00 00 8d 00
24 00 80 00 8f 10 0c 00 00 00 8d 00 00 00 8d 00
24 01 60 00 8f 10 12 00 04 00 6e 00 04 00 6e 00
