2a 00 76 00 84 1c 00 20 00 00 8d 02 60 00 62 00
2a 00 60 00 84 1c 00 20 00 00 8d 00 02 00 02 00
2a 00 96 00 84 1c 00 20 00 00 8d 02 64 00 66 00
2a 00 80 00 84 1c 00 20 00 00 8d 00 02 00 02 00
