22 01 61 00 8f 10 54 00 04 00 0e 00 04 00 0e 00
22 00 61 00 8f 10 20 00 00 00 00 00 00 00 00 00
22 00 81 00 8f 10 20 00 00 00 00 00 00 00 00 00
22 01 62 00 8f 10 12 00 04 00 0e 00 04 00 0e 00
22 00 71 00 8f 10 0c 00 00 00 00 00 00 00 00 00
22 00 91 00 8f 10 0c 00 00 00 00 00 00 00 00 00
