27 01 60 00 8f 10 b4 ff 04 00 6e 00 04 00 6e 00
27 00 60 00 8f 10 94 ff 00 00 8d 00 00 00 8d 00
27 00 80 00 8f 10 94 ff 00 00 8d 00 00 00 8d 00
27 00 71 00 8f 10 d0 ff 00 00 8d 00 00 00 8d 00
27 00 91 00 8f 10 d0 ff 00 00 8d 00 00 00 8d 00
27 01 72 00 8f 10 d0 ff 04 00 6e 00 04 00 6e 00
